GET	/host/
GET	/host/vulnerabilities/all
GET	/host/source-coverage
GET	/host/:id/packages
GET	/host/:id/fingerprint
GET	/host/:id/software-stats
GET	/host/:id
GET	/host/statistics/:id
GET	/host/severity/:id
GET	/host/:id/sources
GET	/host/:id/history
GET	/host/:id/vulnerability/:vulnId/history
GET	/host/:ip/sources
GET	/host/source-coverage
GET	/vulnerability/:id/sources
GET	/health
GET	/api/v1/system/health
GET	/api/v1/test
GET	/api/v1/system/logs
GET	/api/v1/system/resources
GET	/api/v1/performance/metrics
GET	/api/v1/logs/stats
GET	/api/v1/logs
GET	/vulnerability/:id
GET	/templates/
GET	/templates/:id
GET	/api/agent-templates/repositories/
GET	/api/agent-templates/repositories/:id/sync-status
GET	/api/agent-templates/
GET	/api/agent-templates/:id
GET	/api/agent-templates/analytics
GET	/api/agent-templates/:id/results
GET	/api/v1/events/
GET	/api/v1/events/:id
GET	/api/v1/events/stats
GET	/api/v1/events/by-entity
GET	/api/v1/events/by-severity/:severity
GET	/api/v1/statistics/vulnerability-trends
GET	/api/v1/statistics/vulnerability-snapshots
GET	/api/v1/statistics/vulnerability-snapshot/:snapshotId
GET	/api/v1/statistics/hosts/most-vulnerable
GET	/api/v1/scans/status
GET	/api/v1/keys/
POST	/host/
POST	/host/delete
POST	/host/with-source
POST	/api/v1/admin/command
POST	/api/v1/logs
POST	/app/:appName
POST	/vulnerability/
POST	/vulnerability/delete
POST	/templates/
POST	/api/agent-templates/repositories/
POST	/api/agent-templates/repositories/:id/sync
POST	/api/agent-templates/
POST	/api/agent-templates/validate
POST	/api/agent-templates/:id/test
POST	/api/agent-templates/:id/deploy
POST	/api/v1/statistics/vulnerability-snapshot
POST	/api/v1/scans/cancel
POST	/api/v1/scans/force-stop
POST	/api/v1/scans/reset
POST	/api/v1/keys/
PUT	/host/:id
PUT	/api/v1/logs/:logId
PUT	/templates/:id
PUT	/api/agent-templates/repositories/:id
PUT	/api/agent-templates/:id
DELETE	/api/v1/logs/clear
DELETE	/api/v1/logs/:logId
DELETE	/templates/:id
DELETE	/api/agent-templates/repositories/:id
DELETE	/api/agent-templates/:id
DELETE	/api/v1/keys/:id
